{
  "version": "1.5.0",
  "plugins_used": [
    {
      "name": "ArtifactoryDetector"
    },
    {
      "name": "AWSKeyDetector"
    },
    {
      "name": "AzureStorageKeyDetector"
    },
    {
      "name": "Base64HighEntropyString",
      "limit": 4.5
    },
    {
      "name": "BasicAuthDetector"
    },
    {
      "name": "CloudantDetector"
    },
    {
      "name": "DiscordBotTokenDetector"
    },
    {
      "name": "GitHubTokenDetector"
    },
    {
      "name": "GitLabTokenDetector"
    },
    {
      "name": "HexHighEntropyString",
      "limit": 3.0
    },
    {
      "name": "IbmCloudIamDetector"
    },
    {
      "name": "IbmCosHmacDetector"
    },
    {
      "name": "IPPublicDetector"
    },
    {
      "name": "JwtTokenDetector"
    },
    {
      "name": "KeywordDetector",
      "keyword_exclude": ""
    },
    {
      "name": "MailchimpDetector"
    },
    {
      "name": "NpmDetector"
    },
    {
      "name": "OpenAIDetector"
    },
    {
      "name": "PrivateKeyDetector"
    },
    {
      "name": "PypiTokenDetector"
    },
    {
      "name": "SendGridDetector"
    },
    {
      "name": "SlackDetector"
    },
    {
      "name": "SoftlayerDetector"
    },
    {
      "name": "SquareOAuthDetector"
    },
    {
      "name": "StripeDetector"
    },
    {
      "name": "TelegramBotTokenDetector"
    },
    {
      "name": "TwilioKeyDetector"
    }
  ],
  "filters_used": [
    {
      "path": "detect_secrets.filters.allowlist.is_line_allowlisted"
    },
    {
      "path": "detect_secrets.filters.common.is_baseline_file",
      "filename": ".secrets.baseline"
    },
    {
      "path": "detect_secrets.filters.common.is_ignored_due_to_verification_policies",
      "min_level": 2
    },
    {
      "path": "detect_secrets.filters.heuristic.is_indirect_reference"
    },
    {
      "path": "detect_secrets.filters.heuristic.is_likely_id_string"
    },
    {
      "path": "detect_secrets.filters.heuristic.is_lock_file"
    },
    {
      "path": "detect_secrets.filters.heuristic.is_not_alphanumeric_string"
    },
    {
      "path": "detect_secrets.filters.heuristic.is_potential_uuid"
    },
    {
      "path": "detect_secrets.filters.heuristic.is_prefixed_with_dollar_sign"
    },
    {
      "path": "detect_secrets.filters.heuristic.is_sequential_string"
    },
    {
      "path": "detect_secrets.filters.heuristic.is_swagger_file"
    },
    {
      "path": "detect_secrets.filters.heuristic.is_templated_secret"
    }
  ],
  "results": {
    ".github/workflows/validate-skills.yml": [
      {
        "type": "Private Key",
        "filename": ".github/workflows/validate-skills.yml",
        "hashed_secret": "1348b145fa1a555461c1b790a2f66614781091e9",
        "is_verified": false,
        "line_number": 57
      },
      {
        "type": "Private Key",
        "filename": ".github/workflows/validate-skills.yml",
        "hashed_secret": "be4fc4886bd949b369d5e092eb87494f12e57e5b",
        "is_verified": false,
        "line_number": 57
      }
    ],
    "docs/USER_GUIDE.md": [
      {
        "type": "Secret Keyword",
        "filename": "docs/USER_GUIDE.md",
        "hashed_secret": "1816851d10187b57a93235b52495e615629f906d",
        "is_verified": false,
        "line_number": 1461
      },
      {
        "type": "Secret Keyword",
        "filename": "docs/USER_GUIDE.md",
        "hashed_secret": "2949e1887b9ec061babe54ef7fb0d5bb7e75572b",
        "is_verified": false,
        "line_number": 1476
      },
      {
        "type": "Secret Keyword",
        "filename": "docs/USER_GUIDE.md",
        "hashed_secret": "1c58bd92003bbaa0538e249fff6ee19a270dec5f",
        "is_verified": false,
        "line_number": 1506
      },
      {
        "type": "Secret Keyword",
        "filename": "docs/USER_GUIDE.md",
        "hashed_secret": "d8ecf7db8fc9ec9c31bc5c9ae2929cc599c75f8d",
        "is_verified": false,
        "line_number": 1520
      },
      {
        "type": "Secret Keyword",
        "filename": "docs/USER_GUIDE.md",
        "hashed_secret": "f8377c90fcfd699f0ddbdcb30c2c9183d2d933ea",
        "is_verified": false,
        "line_number": 1531
      }
    ],
    "docs/research/ai-prompt-training-techniques-2025-11-30.md": [
      {
        "type": "Secret Keyword",
        "filename": "docs/research/ai-prompt-training-techniques-2025-11-30.md",
        "hashed_secret": "11fa7c37d697f30e6aee828b4426a10f83ab2380",
        "is_verified": false,
        "line_number": 1359
      }
    ],
    "docs/research/ai-session-compression-techniques-2025-11-30.md": [
      {
        "type": "Basic Auth Credentials",
        "filename": "docs/research/ai-session-compression-techniques-2025-11-30.md",
        "hashed_secret": "9d4e1e23bd5b727046a9e3b4b7db57bd8d6ee684",
        "is_verified": false,
        "line_number": 1939
      }
    ],
    "docs/research/php-modern-patterns-advanced-guide-2025-12-01.md": [
      {
        "type": "Secret Keyword",
        "filename": "docs/research/php-modern-patterns-advanced-guide-2025-12-01.md",
        "hashed_secret": "cbfdac6008f9cab4083784cbd1874f76618d2a97",
        "is_verified": false,
        "line_number": 1242
      },
      {
        "type": "Secret Keyword",
        "filename": "docs/research/php-modern-patterns-advanced-guide-2025-12-01.md",
        "hashed_secret": "b2e98ad6f6eb8508dd6a14cfa704bad7f05f6fb1",
        "is_verified": false,
        "line_number": 1837
      },
      {
        "type": "Secret Keyword",
        "filename": "docs/research/php-modern-patterns-advanced-guide-2025-12-01.md",
        "hashed_secret": "1ded3053d0363079a4e681a3b700435d6d880290",
        "is_verified": false,
        "line_number": 1851
      }
    ],
    "docs/research/python-advanced-patterns-2025-12-01.md": [
      {
        "type": "Secret Keyword",
        "filename": "docs/research/python-advanced-patterns-2025-12-01.md",
        "hashed_secret": "1aa0cf383d91e23d19481de4e4664887f40db48c",
        "is_verified": false,
        "line_number": 487
      }
    ],
    "docs/research/ruby-advanced-patterns-2025-12-01.md": [
      {
        "type": "Secret Keyword",
        "filename": "docs/research/ruby-advanced-patterns-2025-12-01.md",
        "hashed_secret": "e5e9fa1ba31ecd1ae84f75caaa474f3a663f05f4",
        "is_verified": false,
        "line_number": 528
      },
      {
        "type": "Secret Keyword",
        "filename": "docs/research/ruby-advanced-patterns-2025-12-01.md",
        "hashed_secret": "cbfdac6008f9cab4083784cbd1874f76618d2a97",
        "is_verified": false,
        "line_number": 2536
      }
    ],
    "docs/research/web-performance-skill-gap-analysis-2025-12-02.md": [
      {
        "type": "Secret Keyword",
        "filename": "docs/research/web-performance-skill-gap-analysis-2025-12-02.md",
        "hashed_secret": "29c32f233d04598b3181c0e27ea0ec7a5c949297",
        "is_verified": false,
        "line_number": 1068
      }
    ],
    "examples/good-self-contained-skill/SKILL.md": [
      {
        "type": "Secret Keyword",
        "filename": "examples/good-self-contained-skill/SKILL.md",
        "hashed_secret": "29b8dca3de5ff27bcf8bd3b622adf9970f29381c",
        "is_verified": false,
        "line_number": 105
      },
      {
        "type": "Basic Auth Credentials",
        "filename": "examples/good-self-contained-skill/SKILL.md",
        "hashed_secret": "9d4e1e23bd5b727046a9e3b4b7db57bd8d6ee684",
        "is_verified": false,
        "line_number": 414
      }
    ],
    "toolchains/ai/frameworks/dspy/SKILL.md": [
      {
        "type": "Secret Keyword",
        "filename": "toolchains/ai/frameworks/dspy/SKILL.md",
        "hashed_secret": "1e3667aaaaa887721550cf5cc8a0c5c5760810ed",
        "is_verified": false,
        "line_number": 585
      },
      {
        "type": "Secret Keyword",
        "filename": "toolchains/ai/frameworks/dspy/SKILL.md",
        "hashed_secret": "e7dd63688d6b4efc11b2aa7b08a0731db82bf04c",
        "is_verified": false,
        "line_number": 595
      },
      {
        "type": "Secret Keyword",
        "filename": "toolchains/ai/frameworks/dspy/SKILL.md",
        "hashed_secret": "6d9c68c603e465077bdd49c62347fe54717f83a3",
        "is_verified": false,
        "line_number": 944
      }
    ],
    "toolchains/ai/frameworks/langchain/SKILL.md": [
      {
        "type": "Secret Keyword",
        "filename": "toolchains/ai/frameworks/langchain/SKILL.md",
        "hashed_secret": "6d9c68c603e465077bdd49c62347fe54717f83a3",
        "is_verified": false,
        "line_number": 234
      },
      {
        "type": "Secret Keyword",
        "filename": "toolchains/ai/frameworks/langchain/SKILL.md",
        "hashed_secret": "a4d0fee8f2ae3d08b60dd3e60385600f598422e5",
        "is_verified": false,
        "line_number": 622
      }
    ],
    "toolchains/ai/frameworks/langgraph/SKILL.md": [
      {
        "type": "Basic Auth Credentials",
        "filename": "toolchains/ai/frameworks/langgraph/SKILL.md",
        "hashed_secret": "9d4e1e23bd5b727046a9e3b4b7db57bd8d6ee684",
        "is_verified": false,
        "line_number": 930
      },
      {
        "type": "Secret Keyword",
        "filename": "toolchains/ai/frameworks/langgraph/SKILL.md",
        "hashed_secret": "a4d0fee8f2ae3d08b60dd3e60385600f598422e5",
        "is_verified": false,
        "line_number": 1750
      }
    ],
    "toolchains/ai/protocols/mcp/SKILL.md": [
      {
        "type": "Secret Keyword",
        "filename": "toolchains/ai/protocols/mcp/SKILL.md",
        "hashed_secret": "11fa7c37d697f30e6aee828b4426a10f83ab2380",
        "is_verified": false,
        "line_number": 710
      },
      {
        "type": "Secret Keyword",
        "filename": "toolchains/ai/protocols/mcp/SKILL.md",
        "hashed_secret": "5baa61e4c9b93f3f0682250b6cf8331b7ee68fd8",
        "is_verified": false,
        "line_number": 952
      }
    ],
    "toolchains/ai/sdks/anthropic/SKILL.md": [
      {
        "type": "Secret Keyword",
        "filename": "toolchains/ai/sdks/anthropic/SKILL.md",
        "hashed_secret": "aecdccc1cf64595b34e0cc152d238daabb32183a",
        "is_verified": false,
        "line_number": 53
      }
    ],
    "toolchains/ai/services/openrouter/QUICK_REFERENCE.md": [
      {
        "type": "Secret Keyword",
        "filename": "toolchains/ai/services/openrouter/QUICK_REFERENCE.md",
        "hashed_secret": "96c682c88ed551f22fe76d206c2dfb7df9221ad9",
        "is_verified": false,
        "line_number": 13
      }
    ],
    "toolchains/ai/services/openrouter/SKILL.md": [
      {
        "type": "Secret Keyword",
        "filename": "toolchains/ai/services/openrouter/SKILL.md",
        "hashed_secret": "96c682c88ed551f22fe76d206c2dfb7df9221ad9",
        "is_verified": false,
        "line_number": 60
      }
    ],
    "toolchains/ai/techniques/session-compression/SKILL.md": [
      {
        "type": "Secret Keyword",
        "filename": "toolchains/ai/techniques/session-compression/SKILL.md",
        "hashed_secret": "11fa7c37d697f30e6aee828b4426a10f83ab2380",
        "is_verified": false,
        "line_number": 61
      }
    ],
    "toolchains/golang/data/SKILL.md": [
      {
        "type": "Basic Auth Credentials",
        "filename": "toolchains/golang/data/SKILL.md",
        "hashed_secret": "9d4e1e23bd5b727046a9e3b4b7db57bd8d6ee684",
        "is_verified": false,
        "line_number": 726
      }
    ],
    "toolchains/javascript/frameworks/express-local-dev/SKILL.md": [
      {
        "type": "Secret Keyword",
        "filename": "toolchains/javascript/frameworks/express-local-dev/SKILL.md",
        "hashed_secret": "b2e98ad6f6eb8508dd6a14cfa704bad7f05f6fb1",
        "is_verified": false,
        "line_number": 1017
      },
      {
        "type": "Hex High Entropy String",
        "filename": "toolchains/javascript/frameworks/express-local-dev/SKILL.md",
        "hashed_secret": "960903f95946e89e7a21ab56be937700ab2fcc15",
        "is_verified": false,
        "line_number": 1080
      },
      {
        "type": "Secret Keyword",
        "filename": "toolchains/javascript/frameworks/express-local-dev/SKILL.md",
        "hashed_secret": "9da133c45f71d2bb9d5eb7cfa6fce7cdb6a215b5",
        "is_verified": false,
        "line_number": 1174
      }
    ],
    "toolchains/javascript/frameworks/express-local-dev/references/production-deployment.md": [
      {
        "type": "Basic Auth Credentials",
        "filename": "toolchains/javascript/frameworks/express-local-dev/references/production-deployment.md",
        "hashed_secret": "9d4e1e23bd5b727046a9e3b4b7db57bd8d6ee684",
        "is_verified": false,
        "line_number": 184
      }
    ],
    "toolchains/javascript/frameworks/express-local-dev/references/testing-strategies.md": [
      {
        "type": "Secret Keyword",
        "filename": "toolchains/javascript/frameworks/express-local-dev/references/testing-strategies.md",
        "hashed_secret": "b2e98ad6f6eb8508dd6a14cfa704bad7f05f6fb1",
        "is_verified": false,
        "line_number": 55
      },
      {
        "type": "Secret Keyword",
        "filename": "toolchains/javascript/frameworks/express-local-dev/references/testing-strategies.md",
        "hashed_secret": "f409ce90a1cd144912d1df8620215b2dc9fda731",
        "is_verified": false,
        "line_number": 61
      },
      {
        "type": "Secret Keyword",
        "filename": "toolchains/javascript/frameworks/express-local-dev/references/testing-strategies.md",
        "hashed_secret": "9da133c45f71d2bb9d5eb7cfa6fce7cdb6a215b5",
        "is_verified": false,
        "line_number": 112
      },
      {
        "type": "Secret Keyword",
        "filename": "toolchains/javascript/frameworks/express-local-dev/references/testing-strategies.md",
        "hashed_secret": "49efef5f70d47adc2db2eb397fbef5f7bc560e29",
        "is_verified": false,
        "line_number": 207
      }
    ],
    "toolchains/javascript/frameworks/react/state-machine/references/react-integration.md": [
      {
        "type": "Secret Keyword",
        "filename": "toolchains/javascript/frameworks/react/state-machine/references/react-integration.md",
        "hashed_secret": "3e7d56a95804ff3c322b97a7e7cdba25dc920957",
        "is_verified": false,
        "line_number": 334
      }
    ],
    "toolchains/javascript/frameworks/svelte5-runes-static/SKILL.md": [
      {
        "type": "Secret Keyword",
        "filename": "toolchains/javascript/frameworks/svelte5-runes-static/SKILL.md",
        "hashed_secret": "02d0b8f7289cde4cb3e15127413b7f3064e83cec",
        "is_verified": false,
        "line_number": 429
      }
    ],
    "toolchains/javascript/testing/cypress/SKILL.md": [
      {
        "type": "Secret Keyword",
        "filename": "toolchains/javascript/testing/cypress/SKILL.md",
        "hashed_secret": "5baa61e4c9b93f3f0682250b6cf8331b7ee68fd8",
        "is_verified": false,
        "line_number": 101
      }
    ],
    "toolchains/php/frameworks/wordpress/advanced-architecture/SKILL.md": [
      {
        "type": "Secret Keyword",
        "filename": "toolchains/php/frameworks/wordpress/advanced-architecture/SKILL.md",
        "hashed_secret": "89a6cfe2a229151e8055abee107d45ed087bbb4f",
        "is_verified": false,
        "line_number": 1311
      }
    ],
    "toolchains/php/frameworks/wordpress/plugin-fundamentals/SKILL.md": [
      {
        "type": "Secret Keyword",
        "filename": "toolchains/php/frameworks/wordpress/plugin-fundamentals/SKILL.md",
        "hashed_secret": "6367c48dd193d56ea7b0baad25b19455e529f5ee",
        "is_verified": false,
        "line_number": 793
      }
    ],
    "toolchains/php/frameworks/wordpress/security-validation/SKILL.md": [
      {
        "type": "Secret Keyword",
        "filename": "toolchains/php/frameworks/wordpress/security-validation/SKILL.md",
        "hashed_secret": "3e7d56a95804ff3c322b97a7e7cdba25dc920957",
        "is_verified": false,
        "line_number": 614
      },
      {
        "type": "Secret Keyword",
        "filename": "toolchains/php/frameworks/wordpress/security-validation/SKILL.md",
        "hashed_secret": "d69c3b1ac54be7da3666d9937b9c78e7c309d6e8",
        "is_verified": false,
        "line_number": 619
      }
    ],
    "toolchains/php/frameworks/wordpress/testing-qa/SKILL.md": [
      {
        "type": "Secret Keyword",
        "filename": "toolchains/php/frameworks/wordpress/testing-qa/SKILL.md",
        "hashed_secret": "7288edd0fc3ffcbe93a0cf06e3568e28521687bc",
        "is_verified": false,
        "line_number": 726
      },
      {
        "type": "Secret Keyword",
        "filename": "toolchains/php/frameworks/wordpress/testing-qa/SKILL.md",
        "hashed_secret": "b9615cef6cff3572af1365ff44c8b92ea9266f3e",
        "is_verified": false,
        "line_number": 1779
      }
    ],
    "toolchains/platforms/backend/supabase/SKILL.md": [
      {
        "type": "Secret Keyword",
        "filename": "toolchains/platforms/backend/supabase/SKILL.md",
        "hashed_secret": "354b3a4b7715d3694c88a4fa7db49e41de86568e",
        "is_verified": false,
        "line_number": 213
      },
      {
        "type": "Secret Keyword",
        "filename": "toolchains/platforms/backend/supabase/SKILL.md",
        "hashed_secret": "fefda504251b73d30a7cf3d047d241388a3c11b3",
        "is_verified": false,
        "line_number": 309
      }
    ],
    "toolchains/platforms/database/neon/SKILL.md": [
      {
        "type": "Basic Auth Credentials",
        "filename": "toolchains/platforms/database/neon/SKILL.md",
        "hashed_secret": "5baa61e4c9b93f3f0682250b6cf8331b7ee68fd8",
        "is_verified": false,
        "line_number": 52
      },
      {
        "type": "Basic Auth Credentials",
        "filename": "toolchains/platforms/database/neon/SKILL.md",
        "hashed_secret": "9d4e1e23bd5b727046a9e3b4b7db57bd8d6ee684",
        "is_verified": false,
        "line_number": 742
      },
      {
        "type": "Secret Keyword",
        "filename": "toolchains/platforms/database/neon/SKILL.md",
        "hashed_secret": "89a6cfe2a229151e8055abee107d45ed087bbb4f",
        "is_verified": false,
        "line_number": 746
      }
    ],
    "toolchains/python/async/asyncio/SKILL.md": [
      {
        "type": "Secret Keyword",
        "filename": "toolchains/python/async/asyncio/SKILL.md",
        "hashed_secret": "5baa61e4c9b93f3f0682250b6cf8331b7ee68fd8",
        "is_verified": false,
        "line_number": 698
      },
      {
        "type": "Basic Auth Credentials",
        "filename": "toolchains/python/async/asyncio/SKILL.md",
        "hashed_secret": "9d4e1e23bd5b727046a9e3b4b7db57bd8d6ee684",
        "is_verified": false,
        "line_number": 933
      }
    ],
    "toolchains/python/async/celery/SKILL.md": [
      {
        "type": "Secret Keyword",
        "filename": "toolchains/python/async/celery/SKILL.md",
        "hashed_secret": "5baa61e4c9b93f3f0682250b6cf8331b7ee68fd8",
        "is_verified": false,
        "line_number": 188
      },
      {
        "type": "Basic Auth Credentials",
        "filename": "toolchains/python/async/celery/SKILL.md",
        "hashed_secret": "35675e68f4b5af7b995d9205ad0fc43842f16450",
        "is_verified": false,
        "line_number": 201
      },
      {
        "type": "Basic Auth Credentials",
        "filename": "toolchains/python/async/celery/SKILL.md",
        "hashed_secret": "5baa61e4c9b93f3f0682250b6cf8331b7ee68fd8",
        "is_verified": false,
        "line_number": 204
      },
      {
        "type": "Basic Auth Credentials",
        "filename": "toolchains/python/async/celery/SKILL.md",
        "hashed_secret": "9d4e1e23bd5b727046a9e3b4b7db57bd8d6ee684",
        "is_verified": false,
        "line_number": 1488
      }
    ],
    "toolchains/python/data/sqlalchemy/SKILL.md": [
      {
        "type": "Basic Auth Credentials",
        "filename": "toolchains/python/data/sqlalchemy/SKILL.md",
        "hashed_secret": "9d4e1e23bd5b727046a9e3b4b7db57bd8d6ee684",
        "is_verified": false,
        "line_number": 159
      },
      {
        "type": "Secret Keyword",
        "filename": "toolchains/python/data/sqlalchemy/SKILL.md",
        "hashed_secret": "6318553899daae2941718c02508aeee938af1a1c",
        "is_verified": false,
        "line_number": 749
      }
    ],
    "toolchains/python/frameworks/flask/SKILL.md": [
      {
        "type": "Secret Keyword",
        "filename": "toolchains/python/frameworks/flask/SKILL.md",
        "hashed_secret": "99091d046a81493ef2545d8c3cd8e881e8702893",
        "is_verified": false,
        "line_number": 743
      },
      {
        "type": "Basic Auth Credentials",
        "filename": "toolchains/python/frameworks/flask/SKILL.md",
        "hashed_secret": "5baa61e4c9b93f3f0682250b6cf8331b7ee68fd8",
        "is_verified": false,
        "line_number": 912
      },
      {
        "type": "Secret Keyword",
        "filename": "toolchains/python/frameworks/flask/SKILL.md",
        "hashed_secret": "cbfdac6008f9cab4083784cbd1874f76618d2a97",
        "is_verified": false,
        "line_number": 1115
      },
      {
        "type": "Secret Keyword",
        "filename": "toolchains/python/frameworks/flask/SKILL.md",
        "hashed_secret": "46cececbaed883708018123d36e6e50ce97221f6",
        "is_verified": false,
        "line_number": 1435
      },
      {
        "type": "Secret Keyword",
        "filename": "toolchains/python/frameworks/flask/SKILL.md",
        "hashed_secret": "f2b14f68eb995facb3a1c35287b778d5bd785511",
        "is_verified": false,
        "line_number": 1513
      },
      {
        "type": "Basic Auth Credentials",
        "filename": "toolchains/python/frameworks/flask/SKILL.md",
        "hashed_secret": "9d4e1e23bd5b727046a9e3b4b7db57bd8d6ee684",
        "is_verified": false,
        "line_number": 1554
      }
    ],
    "toolchains/python/testing/pytest/SKILL.md": [
      {
        "type": "Secret Keyword",
        "filename": "toolchains/python/testing/pytest/SKILL.md",
        "hashed_secret": "e5e9fa1ba31ecd1ae84f75caaa474f3a663f05f4",
        "is_verified": false,
        "line_number": 552
      },
      {
        "type": "Secret Keyword",
        "filename": "toolchains/python/testing/pytest/SKILL.md",
        "hashed_secret": "f0578f1e7174b1a41c4ea8c6e17f7a8a3b88c92a",
        "is_verified": false,
        "line_number": 559
      },
      {
        "type": "Secret Keyword",
        "filename": "toolchains/python/testing/pytest/SKILL.md",
        "hashed_secret": "8be52126a6fde450a7162a3651d589bb51e9579d",
        "is_verified": false,
        "line_number": 560
      },
      {
        "type": "Secret Keyword",
        "filename": "toolchains/python/testing/pytest/SKILL.md",
        "hashed_secret": "f2b14f68eb995facb3a1c35287b778d5bd785511",
        "is_verified": false,
        "line_number": 1368
      }
    ],
    "toolchains/rust/desktop-applications/references/testing-deployment.md": [
      {
        "type": "Secret Keyword",
        "filename": "toolchains/rust/desktop-applications/references/testing-deployment.md",
        "hashed_secret": "54cd233cf766b984a30cbd9dd47ce2c2d3cdb213",
        "is_verified": false,
        "line_number": 716
      }
    ],
    "toolchains/typescript/data/kysely/SKILL.md": [
      {
        "type": "Basic Auth Credentials",
        "filename": "toolchains/typescript/data/kysely/SKILL.md",
        "hashed_secret": "9d4e1e23bd5b727046a9e3b4b7db57bd8d6ee684",
        "is_verified": false,
        "line_number": 327
      }
    ],
    "toolchains/typescript/data/prisma/SKILL.md": [
      {
        "type": "Basic Auth Credentials",
        "filename": "toolchains/typescript/data/prisma/SKILL.md",
        "hashed_secret": "9d4e1e23bd5b727046a9e3b4b7db57bd8d6ee684",
        "is_verified": false,
        "line_number": 468
      }
    ],
    "toolchains/typescript/frameworks/nodejs-backend/SKILL.md": [
      {
        "type": "Secret Keyword",
        "filename": "toolchains/typescript/frameworks/nodejs-backend/SKILL.md",
        "hashed_secret": "cbfdac6008f9cab4083784cbd1874f76618d2a97",
        "is_verified": false,
        "line_number": 810
      },
      {
        "type": "Secret Keyword",
        "filename": "toolchains/typescript/frameworks/nodejs-backend/SKILL.md",
        "hashed_secret": "e82822d8d163de9b566a2cb899e6bfe8869181dc",
        "is_verified": false,
        "line_number": 846
      },
      {
        "type": "Basic Auth Credentials",
        "filename": "toolchains/typescript/frameworks/nodejs-backend/SKILL.md",
        "hashed_secret": "9d4e1e23bd5b727046a9e3b4b7db57bd8d6ee684",
        "is_verified": false,
        "line_number": 918
      }
    ],
    "toolchains/typescript/testing/vitest/SKILL.md": [
      {
        "type": "Secret Keyword",
        "filename": "toolchains/typescript/testing/vitest/SKILL.md",
        "hashed_secret": "f2b14f68eb995facb3a1c35287b778d5bd785511",
        "is_verified": false,
        "line_number": 940
      },
      {
        "type": "Secret Keyword",
        "filename": "toolchains/typescript/testing/vitest/SKILL.md",
        "hashed_secret": "e5e9fa1ba31ecd1ae84f75caaa474f3a663f05f4",
        "is_verified": false,
        "line_number": 1000
      }
    ],
    "toolchains/universal/infrastructure/docker/SKILL.md": [
      {
        "type": "Basic Auth Credentials",
        "filename": "toolchains/universal/infrastructure/docker/SKILL.md",
        "hashed_secret": "e5e9fa1ba31ecd1ae84f75caaa474f3a663f05f4",
        "is_verified": false,
        "line_number": 350
      },
      {
        "type": "Basic Auth Credentials",
        "filename": "toolchains/universal/infrastructure/docker/SKILL.md",
        "hashed_secret": "9d4e1e23bd5b727046a9e3b4b7db57bd8d6ee684",
        "is_verified": false,
        "line_number": 615
      },
      {
        "type": "Basic Auth Credentials",
        "filename": "toolchains/universal/infrastructure/docker/SKILL.md",
        "hashed_secret": "afc848c316af1a89d49826c5ae9d00ed769415f3",
        "is_verified": false,
        "line_number": 700
      }
    ],
    "toolchains/universal/infrastructure/github-actions/SKILL.md": [
      {
        "type": "Basic Auth Credentials",
        "filename": "toolchains/universal/infrastructure/github-actions/SKILL.md",
        "hashed_secret": "afc848c316af1a89d49826c5ae9d00ed769415f3",
        "is_verified": false,
        "line_number": 905
      }
    ],
    "toolchains/universal/pr/quality/SKILL.md": [
      {
        "type": "Secret Keyword",
        "filename": "toolchains/universal/pr/quality/SKILL.md",
        "hashed_secret": "9d4e1e23bd5b727046a9e3b4b7db57bd8d6ee684",
        "is_verified": false,
        "line_number": 157
      }
    ],
    "universal/testing/test-driven-development/references/examples.md": [
      {
        "type": "Secret Keyword",
        "filename": "universal/testing/test-driven-development/references/examples.md",
        "hashed_secret": "20b05c695ef1f14caa80ab1ce617d503ba9de093",
        "is_verified": false,
        "line_number": 404
      },
      {
        "type": "Secret Keyword",
        "filename": "universal/testing/test-driven-development/references/examples.md",
        "hashed_secret": "54e8d2e15d3caa89aa3f82c8c0428ad5742f056c",
        "is_verified": false,
        "line_number": 416
      },
      {
        "type": "Secret Keyword",
        "filename": "universal/testing/test-driven-development/references/examples.md",
        "hashed_secret": "8ce917c93119c0ac4c0e7f7b774f8321e936e0b8",
        "is_verified": false,
        "line_number": 422
      },
      {
        "type": "Secret Keyword",
        "filename": "universal/testing/test-driven-development/references/examples.md",
        "hashed_secret": "2cfdfd9ff7dca16bbc5e398fac3453eaa10850d7",
        "is_verified": false,
        "line_number": 539
      },
      {
        "type": "Secret Keyword",
        "filename": "universal/testing/test-driven-development/references/examples.md",
        "hashed_secret": "a0f4ea7d91495df92bbac2e2149dfb850fe81396",
        "is_verified": false,
        "line_number": 550
      }
    ],
    "universal/testing/test-quality-inspector/SKILL.md": [
      {
        "type": "Secret Keyword",
        "filename": "universal/testing/test-quality-inspector/SKILL.md",
        "hashed_secret": "72559b51f94a7a3ad058c5740cbe2f7cb0d4080b",
        "is_verified": false,
        "line_number": 89
      }
    ],
    "universal/web/api-design-patterns/SKILL.md": [
      {
        "type": "Hex High Entropy String",
        "filename": "universal/web/api-design-patterns/SKILL.md",
        "hashed_secret": "2431dcd348f1cc7e2d70c13eed1df1ee77452bfb",
        "is_verified": false,
        "line_number": 629
      }
    ],
    "universal/web/web-performance-optimization/references/monitoring.md": [
      {
        "type": "Secret Keyword",
        "filename": "universal/web/web-performance-optimization/references/monitoring.md",
        "hashed_secret": "1e3667aaaaa887721550cf5cc8a0c5c5760810ed",
        "is_verified": false,
        "line_number": 697
      }
    ],
    "universal/web/web-performance-optimization/references/optimization-techniques.md": [
      {
        "type": "Secret Keyword",
        "filename": "universal/web/web-performance-optimization/references/optimization-techniques.md",
        "hashed_secret": "33f220dd67f717cc949db63e21c90e130a6137da",
        "is_verified": false,
        "line_number": 488
      },
      {
        "type": "Basic Auth Credentials",
        "filename": "universal/web/web-performance-optimization/references/optimization-techniques.md",
        "hashed_secret": "9d4e1e23bd5b727046a9e3b4b7db57bd8d6ee684",
        "is_verified": false,
        "line_number": 881
      }
    ]
  },
  "generated_at": "2026-01-18T04:20:45Z"
}
